======= test_0007.test =======
TYPE fail
PROGRAM simulator -f300 -m -X -x test_0007.mmp

