======= test_0004.test =======
TYPE fail
PROGRAM simulator -f600 -m -x test_0004.mmp
