======= test_0002.test =======
TYPE fail
PROGRAM simulator -f500 -m -x test_0002.mmp

