======= test_0003.test =======
TYPE fail
PROGRAM simulator -f300 -m -X -x test_0003.mmp
