======= test_C6H10.test =======
TYPE struct
======= exitvalue =======
0
======= structurematch =======
1
======= lengthsangles =======
OK
======= stderr =======
cutover to fine tolerance at 10
== structure comparison ==
cutover to fine tolerance at 1
